Java HotSpot(TM) 64-Bit Server VM (25.201-b09) for windows-amd64 JRE (1.8.0_201-b09), built on Dec 15 2018 18:36:39 by "java_re" with MS VC++ 10.0 (VS2010)
Memory: 4k page, physical 8284640k(1755916k free), swap 19294688k(8350752k free)
CommandLine flags: -XX:InitialHeapSize=132554240 -XX:MaxHeapSize=2120867840 -XX:+PrintGC -XX:+PrintGCDetails -XX:+PrintGCTimeStamps -XX:+UseCompressedClassPointers -XX:+UseCompressedOops -XX:-UseLargePagesIndividualAllocation -XX:+UseParallelGC 
34.168: [GC (System.gc()) [PSYoungGen: 4670K->1458K(38400K)] 4670K->1466K(125952K), 0.0036788 secs] [Times: user=0.00 sys=0.00, real=0.00 secs] 
34.171: [Full GC (System.gc()) [PSYoungGen: 1458K->0K(38400K)] [ParOldGen: 8K->1364K(87552K)] 1466K->1364K(125952K), [Metaspace: 5495K->5495K(1056768K)], 0.0098922 secs] [Times: user=0.06 sys=0.00, real=0.01 secs] 
Heap
 PSYoungGen      total 38400K, used 1331K [0x00000000d5d80000, 0x00000000d8800000, 0x0000000100000000)
  eden space 33280K, 4% used [0x00000000d5d80000,0x00000000d5ecceb8,0x00000000d7e00000)
  from space 5120K, 0% used [0x00000000d7e00000,0x00000000d7e00000,0x00000000d8300000)
  to   space 5120K, 0% used [0x00000000d8300000,0x00000000d8300000,0x00000000d8800000)
 ParOldGen       total 87552K, used 1364K [0x0000000081800000, 0x0000000086d80000, 0x00000000d5d80000)
  object space 87552K, 1% used [0x0000000081800000,0x0000000081955008,0x0000000086d80000)
 Metaspace       used 5509K, capacity 5730K, committed 5888K, reserved 1056768K
  class space    used 613K, capacity 701K, committed 768K, reserved 1048576K
